osoft Windows [Version 10.0.22621.2715]
(c) Microsoft Corporation. All rights reserved.

C:\Users\Daksinayogam>minikube start
W1208 13:29:22.528737   18316 main.go:291] Unable to resolve the current Docker CLI context "default": context "default": context not found: open C:\Users\Daksinayogam\.docker\contexts\meta\37a8eec1ce19687d132fe29051dca629d164e2c4958ba141d5f4133a33f0688f\meta.json: The system cannot find the path specified.
* minikube v1.32.0 on Microsoft Windows 11 Home Single Language 10.0.22621.2715 Build 22621.2715
* Using the docker driver based on existing profile
* Starting control plane node minikube in cluster minikube
* Pulling base image ...
* Restarting existing docker container for "minikube" ...
* Preparing Kubernetes v1.28.3 on Docker 24.0.7 ...
* Configuring bridge CNI (Container Networking Interface) ...
* Verifying Kubernetes components...
  - Using image gcr.io/k8s-minikube/storage-provisioner:v5
* Enabled addons: storage-provisioner, default-storageclass
* Done! kubectl is now configured to use "minikube" cluster and "default" namespace by default

C:\Users\Daksinayogam>kubectl run pod propod --image=smdcena/my-html-app1:tag --port=80
pod/pod created

C:\Users\Daksinayogam>kubectl run propod --image=smdcena/my-html-app1:tag --port=80
pod/propod created

C:\Users\Daksinayogam>kubectl get po
NAME     READY   STATUS    RESTARTS       AGE
pod      0/1     Error     2 (26s ago)    28s
pod1     1/1     Running   1 (119s ago)   148m
propod   1/1     Running   0              13s

C:\Users\Daksinayogam>kubectl get svc
NAME         TYPE        CLUSTER-IP     EXTERNAL-IP   PORT(S)   AGE
kubernetes   ClusterIP   10.96.0.1      <none>        443/TCP   163m
pod1svc      ClusterIP   10.102.127.8   <none>        80/TCP    144m

C:\Users\Daksinayogam>kubectl expose pod propod --name=propodsvc --port=80
service/propodsvc exposed

C:\Users\Daksinayogam>kubectl port-foward service/propodsvc 7080:80
error: unknown command "port-foward" for "kubectl"

Did you mean this?
        port-forward

C:\Users\Daksinayogam>kubectl port-forward service/propodsvc 7080:80
Forwarding from 127.0.0.1:7080 -> 80
Forwarding from [::1]:7080 -> 80
Handling connection for 7080
Handling connection for 7080
Handling connection for 7080
Handling connection for 7080
Handling connection for 7080
Handling connection for 7080
Handling connection for 7080